para 2+para 1+para 0
this message should appear  FIRST
1
this message should appear  SECOND
2
this message should appear  THIRD
3
