pwd
/afs/cs.wisc.edu/u/e/n/engstrom/Desktop/Teaching_Repo_Mumble/CS537/S2013/projects/p1
