  cal  ;;; ; pwd; ;;; ;;  who ;; ;;   
    February 2013   
Su Mo Tu We Th Fr Sa
                1  2
 3  4  5  6  7  8  9
10 11 12 13 14 15 16
17 18 19 20 21 22 23
24 25 26 27 28

/afs/cs.wisc.edu/u/e/n/engstrom/Desktop/Teaching_Repo_Mumble/CS537/S2013/projects/p1
ybkim    pts/1        2013-02-09 18:17 (stylebbum.cs.wisc.edu)
engstrom pts/2        2013-02-09 21:02 (108-198-119-29.lightspeed.mdsnwi.sbcglobal.net)
engstrom pts/4        2013-02-09 15:47 (108-198-119-29.lightspeed.mdsnwi.sbcglobal.net)
engstrom pts/0        2013-02-09 19:12 (108-198-119-29.lightspeed.mdsnwi.sbcglobal.net)
